FM_TEST_BEGIN 2026-09-21T00:14:11Z tests/fm-task-contract.test.sh family=pure-contract-unit expected_gate_skip=none
ok - fm-task-contract: adoption records identity and leaves the brief untouched
ok - fm-task-contract: an unchanged binding keeps its revision and digest
ok - fm-task-contract: hash helper falls back and rejects invalid digests
ok - fm-task-contract: editing either Markdown subsection requires re-adoption
ok - fm-task-contract: promoted ship instruction edits require re-adoption
ok - fm-task-contract: risk changes need re-adoption and change the digest
ok - fm-task-contract: the minimal objective risk floor is enforced
ok - fm-task-contract: copied, wrong-kind, and missing bindings refuse
ok - fm-task-contract: duplicated or stale task-record bindings refuse
ok - fm-task-contract: only ship tasks may enroll
ok - fm-task-contract: an unenrolled legacy task stays unchanged
ok - fm-task-contract: adoption serializes against the task control lock
ok - fm-task-contract: adoption refuses symlinked task directories without writes
ok - fm-task-contract: failed task-record publication preserves the binding pair
ok - fm-task-contract
FM_TEST_END 2026-09-21T00:14:34Z tests/fm-task-contract.test.sh exit=0 duration_ms=23236 gate_skip=false
FM_TEST_SUMMARY total=1 failed=0 skipped_gate=0 duration_ms=23418
FM_TEST_SUMMARY_FAMILY family=pure-contract-unit count=1 duration_ms=23236 failed=0
FM_TEST_SLOWEST rank=1 script=tests/fm-task-contract.test.sh duration_ms=23236
